
> xala-digdir-monorepo@ build /Volumes/Laravel/Xala-SAAS/tools/xala-digdir-monorepo/.xaheen/worktrees/tasks/012-extract-duplicated-listingsfilterbar-component-int
> turbo run build

• turbo 2.7.4
• Packages in scope: @digilist/api, @digilist/client-sdk, @xala/backoffice, @xala/ds, @xala/ds-registry, @xala/ds-themes, @xala/eslint-config, @xala/i18n, @xala/minside, @xala/web
• Running build in 10 packages
• Remote caching disabled, using shared worktree cache
@xala/ds:build: cache hit, replaying logs 7986913d09f232bc
@digilist/api:build: cache hit, replaying logs 98f408976bcfe9f5
@xala/ds:build: 
@digilist/api:build: 
@digilist/api:build: > @digilist/api@1.0.0 build /Volumes/Laravel/Xala-SAAS/tools/xala-digdir-monorepo/.xaheen/worktrees/tasks/025-add-horizontal-scroll-indicators-for-mobile-filter/apps/api
@digilist/api:build: > tsup src/main.ts --format esm --dts
@digilist/api:build: 
@digilist/api:build: CLI Building entry: src/main.ts
@digilist/api:build: CLI Using tsconfig: tsconfig.json
@digilist/api:build: CLI tsup v8.5.1
@digilist/api:build: CLI Target: es2022
@digilist/api:build: ESM Build start
@digilist/api:build: ESM You have emitDecoratorMetadata enabled but @swc/core was not installed, skipping swc plugin
@digilist/api:build: DTS Build start
@digilist/api:build: ESM dist/main.js 275.09 KB
@digilist/api:build: ESM ⚡️ Build success in 285ms
@digilist/api:build: DTS ⚡️ Build success in 3556ms
@digilist/api:build: DTS dist/main.d.ts 13.00 B
@xala/ds:build: > @xala/ds@0.0.0 build /Volumes/Laravel/Xala-SAAS/tools/xala-digdir-monorepo/.xaheen/worktrees/tasks/012-extract-duplicated-listingsfilterbar-component-int/packages/ds
@xala/ds:build: > echo 'DS package is source-only, consumed directly by bundlers'
@xala/ds:build: 
@xala/ds:build: DS package is source-only, consumed directly by bundlers
@xala/i18n:build: cache hit, replaying logs f2a6d200432f3cd5
@xala/i18n:build: 
@xala/i18n:build: > @xala/i18n@1.0.0 build /Volumes/Laravel/Xala-SAAS/tools/xala-digdir-monorepo/.xaheen/worktrees/tasks/011-add-vite-manual-chunking-strategy-to-backoffice-ap/packages/i18n
@xala/i18n:build: > tsc
@xala/i18n:build: 
@xala/ds-registry:build: cache hit, replaying logs 5b454bfe5b5a100f
@xala/ds-registry:build: 
@xala/ds-registry:build: > @xala/ds-registry@0.0.0 build /Volumes/Laravel/Xala-SAAS/tools/xala-digdir-monorepo/.xaheen/worktrees/tasks/012-extract-duplicated-listingsfilterbar-component-int/packages/ds-registry
@xala/ds-registry:build: > tsc -b
@xala/ds-registry:build: 
@digilist/client-sdk:build: cache hit, replaying logs 107f15821b219b34
@digilist/client-sdk:build: 
@digilist/client-sdk:build: > @digilist/client-sdk@1.1.0 build /Volumes/Laravel/Xala-SAAS/tools/xala-digdir-monorepo/.xaheen/worktrees/tasks/011-add-vite-manual-chunking-strategy-to-backoffice-ap/packages/client-sdk
@digilist/client-sdk:build: > tsup
@digilist/client-sdk:build: 
@digilist/client-sdk:build: CLI Building entry: {"index":"src/index.ts","hooks/index":"src/hooks/index.ts","types/index":"src/types/index.ts","services/index":"src/services/index.ts"}
@digilist/client-sdk:build: CLI Using tsconfig: tsconfig.json
@digilist/client-sdk:build: CLI tsup v8.5.1
@digilist/client-sdk:build: CLI Using tsup config: /Volumes/Laravel/Xala-SAAS/tools/xala-digdir-monorepo/.xaheen/worktrees/tasks/011-add-vite-manual-chunking-strategy-to-backoffice-ap/packages/client-sdk/tsup.config.ts
@digilist/client-sdk:build: CLI Target: es2022
@digilist/client-sdk:build: CLI Cleaning output folder
@digilist/client-sdk:build: CJS Build start
@digilist/client-sdk:build: ESM Build start
@digilist/client-sdk:build: DTS Build start
@digilist/client-sdk:build: ESM dist/index.mjs              239.10 KB
@digilist/client-sdk:build: ESM dist/services/index.mjs     47.14 KB
@digilist/client-sdk:build: ESM dist/hooks/index.mjs        166.81 KB
@digilist/client-sdk:build: ESM dist/types/index.mjs        19.13 KB
@digilist/client-sdk:build: ESM dist/services/index.mjs.map 135.68 KB
@digilist/client-sdk:build: ESM dist/types/index.mjs.map    45.51 KB
@digilist/client-sdk:build: ESM dist/hooks/index.mjs.map    448.86 KB
@digilist/client-sdk:build: ESM dist/index.mjs.map          640.71 KB
@digilist/client-sdk:build: ESM ⚡️ Build success in 543ms
@digilist/client-sdk:build: CJS dist/services/index.js     48.36 KB
@digilist/client-sdk:build: CJS dist/index.js              254.98 KB
@digilist/client-sdk:build: CJS dist/hooks/index.js        177.76 KB
@digilist/client-sdk:build: CJS dist/types/index.js        20.07 KB
@digilist/client-sdk:build: CJS dist/services/index.js.map 135.68 KB
@digilist/client-sdk:build: CJS dist/types/index.js.map    45.51 KB
@digilist/client-sdk:build: CJS dist/hooks/index.js.map    449.27 KB
@digilist/client-sdk:build: CJS dist/index.js.map          641.12 KB
@digilist/client-sdk:build: CJS ⚡️ Build success in 543ms
@digilist/client-sdk:build: DTS ⚡️ Build success in 2585ms
@digilist/client-sdk:build: DTS dist/index.d.ts                     44.44 KB
@digilist/client-sdk:build: DTS dist/types/index.d.ts               13.21 KB
@digilist/client-sdk:build: DTS dist/hooks/index.d.ts               6.86 KB
@digilist/client-sdk:build: DTS dist/services/index.d.ts            1.41 KB
@digilist/client-sdk:build: DTS dist/search-DeFSZPsZ.d.ts           5.72 KB
@digilist/client-sdk:build: DTS dist/billing.service-Db35E87T.d.ts  21.42 KB
@digilist/client-sdk:build: DTS dist/additional-ClTSCrhN.d.ts       49.06 KB
@digilist/client-sdk:build: DTS dist/index-FXT1KpOd.d.ts            90.60 KB
@digilist/client-sdk:build: DTS dist/index-CN5hPI0B.d.ts            39.43 KB
@digilist/client-sdk:build: DTS dist/index.d.mts                    44.45 KB
@digilist/client-sdk:build: DTS dist/types/index.d.mts              13.21 KB
@digilist/client-sdk:build: DTS dist/hooks/index.d.mts              6.86 KB
@digilist/client-sdk:build: DTS dist/services/index.d.mts           1.42 KB
@digilist/client-sdk:build: DTS dist/search-BzBY7CLL.d.mts          5.72 KB
@digilist/client-sdk:build: DTS dist/billing.service-j8P1vp6i.d.mts 21.42 KB
@digilist/client-sdk:build: DTS dist/additional-ClTSCrhN.d.mts      49.06 KB
@digilist/client-sdk:build: DTS dist/index-BBSyVyM9.d.mts           90.61 KB
@digilist/client-sdk:build: DTS dist/index-DwH2oB4S.d.mts           39.43 KB
@xala/minside:build: cache miss, executing 783e603541bb1852
@xala/backoffice:build: cache miss, executing 5aec02c76bdb1673
@xala/web:build: cache hit, replaying logs 728f2eebf516bd9a
@xala/web:build: 
@xala/web:build: > @xala/web@0.0.0 build /Volumes/Laravel/Xala-SAAS/tools/xala-digdir-monorepo/.xaheen/worktrees/tasks/012-extract-duplicated-listingsfilterbar-component-int/apps/web
@xala/web:build: > vite build
@xala/web:build: 
@xala/web:build: vite v5.4.21 building for production...
@xala/web:build: transforming...
@xala/web:build: ✓ 1582 modules transformed.
@xala/web:build: rendering chunks...
@xala/web:build: computing gzip size...
@xala/web:build: dist/registerSW.js                          0.13 kB
@xala/web:build: dist/manifest.webmanifest                   0.33 kB
@xala/web:build: dist/index.html                             1.54 kB │ gzip:   0.62 kB
@xala/web:build: dist/assets/index-oAzDeqnn.css              1.19 kB │ gzip:   0.59 kB
@xala/web:build: dist/assets/vendor-mapbox-vV3jbIp0.css     38.58 kB │ gzip:   5.43 kB
@xala/web:build: dist/assets/vendor-PcqqEfsq.css           154.61 kB │ gzip:  20.52 kB
@xala/web:build: dist/assets/vendor-query-D9EMZDzA.js        2.82 kB │ gzip:   1.29 kB
@xala/web:build: dist/assets/vendor-sdk-DtfAb0i_.js         26.02 kB │ gzip:   6.20 kB
@xala/web:build: dist/assets/vendor-ds-DmlrZzA5.js         125.11 kB │ gzip:  26.95 kB
@xala/web:build: dist/assets/index-C5DzcDk0.js             211.19 kB │ gzip:  46.91 kB
@xala/web:build: dist/assets/vendor-D9DZOoTY.js            311.58 kB │ gzip: 104.34 kB
@xala/web:build: dist/assets/vendor-mapbox-BUkQKazJ.js   1,677.25 kB │ gzip: 463.88 kB
@xala/web:build: 
@xala/web:build: (!) Some chunks are larger than 800 kB after minification. Consider:
@xala/web:build: - Using dynamic import() to code-split the application
@xala/web:build: - Use build.rollupOptions.output.manualChunks to improve chunking: https://rollupjs.org/configuration-options/#output-manualchunks
@xala/web:build: - Adjust chunk size limit for this warning via build.chunkSizeWarningLimit.
@xala/web:build: ✓ built in 10.76s
@xala/web:build: 
@xala/web:build: PWA v1.2.0
@xala/web:build: mode      generateSW
@xala/web:build: precache  20 entries (4886.22 KiB)
@xala/web:build: files generated
@xala/web:build:   dist/sw.js
@xala/web:build:   dist/workbox-0923e93a.js
@xala/backoffice:build: 
@xala/backoffice:build: > @xala/backoffice@0.0.0 build /Volumes/Laravel/Xala-SAAS/tools/xala-digdir-monorepo/.xaheen/worktrees/tasks/012-extract-duplicated-listingsfilterbar-component-int/apps/backoffice
@xala/backoffice:build: > vite build
@xala/backoffice:build: 
@xala/minside:build: 
@xala/minside:build: > @xala/minside@0.0.0 build /Volumes/Laravel/Xala-SAAS/tools/xala-digdir-monorepo/.xaheen/worktrees/tasks/012-extract-duplicated-listingsfilterbar-component-int/apps/minside
@xala/minside:build: > vite build
@xala/minside:build: 
@xala/minside:build: vite v5.4.21 building for production...
@xala/minside:build: transforming...
@xala/backoffice:build: [sentry-vite-plugin] Warning: No auth token provided. Will not create release. Please set the `authToken` option. You can find information on how to generate a Sentry auth token here: https://docs.sentry.io/api/auth/
@xala/backoffice:build: [sentry-vite-plugin] Warning: No auth token provided. Will not upload source maps. Please set the `authToken` option. You can find information on how to generate a Sentry auth token here: https://docs.sentry.io/api/auth/
@xala/backoffice:build: vite v5.4.21 building for production...
@xala/backoffice:build: [sentry-vite-plugin] Info: Sending telemetry data on issues and performance to Sentry. To disable telemetry, set `options.telemetry` to `false`.
@xala/backoffice:build: transforming...
@xala/minside:build: ✓ 1420 modules transformed.
@xala/minside:build: rendering chunks...
@xala/minside:build: computing gzip size...
@xala/minside:build: dist/registerSW.js                     0.13 kB
@xala/minside:build: dist/manifest.webmanifest              0.30 kB
@xala/minside:build: dist/index.html                        0.59 kB │ gzip:   0.36 kB
@xala/minside:build: dist/assets/index-DaoxPDdt.css       193.58 kB │ gzip:  26.18 kB
@xala/minside:build: dist/assets/index-C2Vy0l5D.js        589.82 kB │ gzip: 155.07 kB
@xala/minside:build: dist/assets/mapbox-gl-Dm9qycrP.js  1,677.25 kB │ gzip: 463.88 kB
@xala/minside:build: 
@xala/minside:build: (!) Some chunks are larger than 500 kB after minification. Consider:
@xala/minside:build: - Using dynamic import() to code-split the application
@xala/minside:build: - Use build.rollupOptions.output.manualChunks to improve chunking: https://rollupjs.org/configuration-options/#output-manualchunks
@xala/minside:build: - Adjust chunk size limit for this warning via build.chunkSizeWarningLimit.
@xala/minside:build: ✓ built in 3.52s
@xala/backoffice:build: ✓ 2692 modules transformed.
@xala/minside:build: 
@xala/minside:build: PWA v0.20.5
@xala/minside:build: mode      generateSW
@xala/minside:build: precache  14 entries (4799.16 KiB)
@xala/minside:build: files generated
@xala/minside:build:   dist/sw.js
@xala/minside:build:   dist/workbox-0923e93a.js
@xala/backoffice:build: rendering chunks...
@xala/backoffice:build: computing gzip size...
@xala/backoffice:build: dist/index.html                        0.47 kB │ gzip:   0.30 kB
@xala/backoffice:build: dist/assets/index-DaoxPDdt.css       193.58 kB │ gzip:  26.18 kB
@xala/backoffice:build: dist/assets/index-Bv1SX2O_.js      1,110.14 kB │ gzip: 260.54 kB │ map: 3,903.00 kB
@xala/backoffice:build: dist/assets/mapbox-gl-DSIKPYTt.js  1,677.65 kB │ gzip: 464.06 kB │ map: 3,481.97 kB
@xala/backoffice:build: 
@xala/backoffice:build: (!) Some chunks are larger than 500 kB after minification. Consider:
@xala/backoffice:build: - Using dynamic import() to code-split the application
@xala/backoffice:build: - Use build.rollupOptions.output.manualChunks to improve chunking: https://rollupjs.org/configuration-options/#output-manualchunks
@xala/backoffice:build: - Adjust chunk size limit for this warning via build.chunkSizeWarningLimit.
@xala/backoffice:build: ✓ built in 5.75s

 Tasks:    8 successful, 8 total
Cached:    6 cached, 8 total
  Time:    6.875s 

