[10:22:17.059] [INFO] storybook v10.1.11
[10:22:17.467] [DEBUG] Getting package.json info for /Volumes/Laravel/Xala-SAAS/tools/xala-digdir-monorepo/packages/ds/package.json...
[10:22:17.699] [DEBUG] Serving static files from packages/ds/.storybook/public at /
[10:22:17.703] [INFO] Starting...
[10:22:17.714] [WARN] unable to find package.json for @digdir/designsystemet-css
[10:22:18.002] [DEBUG] Starting preview..
[10:22:18.139] [DEBUG] Using tsconfig paths for react-docgen
[10:22:18.156] [ERROR] Failed to build the preview
[10:22:18.157] [ERROR] Error [ERR_MODULE_NOT_FOUND]: Cannot find package 'vite' imported from ./.storybook/main.ts
Did you mean to import "vite/index.cjs"?
    at Object.getPackageJSONURL (node:internal/modules/package_json_reader:266:9)
    at packageResolve (node:internal/modules/esm/resolve:767:81)
    at moduleResolve (node:internal/modules/esm/resolve:853:18)
    at defaultResolve (node:internal/modules/esm/resolve:983:11)
    at nextResolve (node:internal/modules/esm/hooks:748:28)
    at Hooks.resolve (node:internal/modules/esm/hooks:240:30)
    at MessagePort.handleMessage (node:internal/modules/esm/worker:199:24)
    at [nodejs.internal.kHybridDispatch] (node:internal/event_target:827:20)
    at MessagePort.<anonymous> (node:internal/per_context/messageport:23:28)
[10:22:18.157] [WARN] Broken build, fix the error above.
You may need to refresh the browser.